[2026/05/18 22:14:41.87] Starting stock update... 
$134A.T: possibly delisted; no price data found  (1d 2026-05-16 -> 2026-05-18)
[2026-05-18 22:14:46] 株価データのバッチ更新を開始します...

--- 銘柄 [7203] の更新処理 ---
[7203] 2026-05-16 以降の新しいデータを取得します...
[7203] 1 件のデータを新たに追加しました。

--- 銘柄 [6758] の更新処理 ---
[6758] 2026-05-16 以降の新しいデータを取得します...
[6758] 1 件のデータを新たに追加しました。

--- 銘柄 [6724] の更新処理 ---
[6724] 2026-05-16 以降の新しいデータを取得します...
[6724] 1 件のデータを新たに追加しました。

--- 銘柄 [1301] の更新処理 ---
[1301] 2026-05-16 以降の新しいデータを取得します...
[1301] 1 件のデータを新たに追加しました。

--- 銘柄 [1305] の更新処理 ---
[1305] 2026-05-16 以降の新しいデータを取得します...
[1305] 1 件のデータを新たに追加しました。

--- 銘柄 [1308] の更新処理 ---
[1308] 2026-05-16 以降の新しいデータを取得します...
[1308] 1 件のデータを新たに追加しました。

--- 銘柄 [1306] の更新処理 ---
[1306] 2026-05-16 以降の新しいデータを取得します...
[1306] 1 件のデータを新たに追加しました。

--- 銘柄 [1309] の更新処理 ---
[1309] 2026-05-16 以降の新しいデータを取得します...
[1309] 1 件のデータを新たに追加しました。

--- 銘柄 [1326] の更新処理 ---
[1326] 2026-05-16 以降の新しいデータを取得します...
[1326] 1 件のデータを新たに追加しました。

--- 銘柄 [134A] の更新処理 ---
[134A] 2026-05-16 以降の新しいデータを取得します...
[134A] 新しいデータはありませんでした。

--- 銘柄 [138A] の更新処理 ---
[138A] 2026-05-16 以降の新しいデータを取得します...
[138A] 1 件のデータを新たに追加しました。

--- 銘柄 [8291] の更新処理 ---
[8291] 2026-05-16 以降の新しいデータを取得します...
[8291] 1 件のデータを新たに追加しました。

--- 銘柄 [8306] の更新処理 ---
[8306] 2026-05-16 以降の新しいデータを取得します...
[8306] 1 件のデータを新たに追加しました。

[2026-05-18 22:14:52] バッチ更新が完了しました。
[2026/05/18 22:14:52.48] Stock update completed. 
-------------------------------------------------- 
[2026/05/18 22:15:04.76] Starting stock update... 
$134A.T: possibly delisted; no price data found  (1d 2026-05-16 -> 2026-05-18)
[2026-05-18 22:15:06] 株価データのバッチ更新を開始します...

--- 銘柄 [7203] の更新処理 ---
[7203] すでに最新のデータ（2026-05-18）が保存されています。

--- 銘柄 [6758] の更新処理 ---
[6758] すでに最新のデータ（2026-05-18）が保存されています。

--- 銘柄 [6724] の更新処理 ---
[6724] すでに最新のデータ（2026-05-18）が保存されています。

--- 銘柄 [1301] の更新処理 ---
[1301] すでに最新のデータ（2026-05-18）が保存されています。

--- 銘柄 [1305] の更新処理 ---
[1305] すでに最新のデータ（2026-05-18）が保存されています。

--- 銘柄 [1308] の更新処理 ---
[1308] すでに最新のデータ（2026-05-18）が保存されています。

--- 銘柄 [1306] の更新処理 ---
[1306] すでに最新のデータ（2026-05-18）が保存されています。

--- 銘柄 [1309] の更新処理 ---
[1309] すでに最新のデータ（2026-05-18）が保存されています。

--- 銘柄 [1326] の更新処理 ---
[1326] すでに最新のデータ（2026-05-18）が保存されています。

--- 銘柄 [134A] の更新処理 ---
[134A] 2026-05-16 以降の新しいデータを取得します...
[134A] 新しいデータはありませんでした。

--- 銘柄 [138A] の更新処理 ---
[138A] すでに最新のデータ（2026-05-18）が保存されています。

--- 銘柄 [8291] の更新処理 ---
[8291] すでに最新のデータ（2026-05-18）が保存されています。

--- 銘柄 [8306] の更新処理 ---
[8306] すでに最新のデータ（2026-05-18）が保存されています。

[2026-05-18 22:15:07] バッチ更新が完了しました。
[2026/05/18 22:15:07.60] Stock update completed. 
-------------------------------------------------- 
[2026/05/20  1:13:04.17] Starting stock update... 
[2026-05-20 01:13:08] 株価データのバッチ更新を開始します...

--- 銘柄 [7203] の更新処理 ---
[7203] 2026-05-19 以降の新しいデータを取得します...
[7203] 1 件のデータを新たに追加しました。

--- 銘柄 [6758] の更新処理 ---
[6758] 2026-05-19 以降の新しいデータを取得します...
[6758] 1 件のデータを新たに追加しました。

--- 銘柄 [6724] の更新処理 ---
[6724] 2026-05-19 以降の新しいデータを取得します...
[6724] 1 件のデータを新たに追加しました。

--- 銘柄 [1301] の更新処理 ---
[1301] 2026-05-19 以降の新しいデータを取得します...
[1301] 1 件のデータを新たに追加しました。

--- 銘柄 [1305] の更新処理 ---
[1305] 2026-05-19 以降の新しいデータを取得します...
[1305] 1 件のデータを新たに追加しました。

--- 銘柄 [1308] の更新処理 ---
[1308] 2026-05-19 以降の新しいデータを取得します...
[1308] 1 件のデータを新たに追加しました。

--- 銘柄 [1306] の更新処理 ---
[1306] 2026-05-19 以降の新しいデータを取得します...
[1306] 1 件のデータを新たに追加しました。

--- 銘柄 [1309] の更新処理 ---
[1309] 2026-05-19 以降の新しいデータを取得します...
[1309] 1 件のデータを新たに追加しました。

--- 銘柄 [1326] の更新処理 ---
[1326] 2026-05-19 以降の新しいデータを取得します...
[1326] 1 件のデータを新たに追加しました。

--- 銘柄 [134A] の更新処理 ---
[134A] 2026-05-16 以降の新しいデータを取得します...
[134A] 1 件のデータを新たに追加しました。

--- 銘柄 [138A] の更新処理 ---
[138A] 2026-05-19 以降の新しいデータを取得します...
[138A] 1 件のデータを新たに追加しました。

--- 銘柄 [8291] の更新処理 ---
[8291] 2026-05-19 以降の新しいデータを取得します...
[8291] 1 件のデータを新たに追加しました。

--- 銘柄 [8306] の更新処理 ---
[8306] 2026-05-19 以降の新しいデータを取得します...
[8306] 1 件のデータを新たに追加しました。

[2026-05-20 01:13:13] バッチ更新が完了しました。
[2026/05/20  1:13:13.66] Stock update completed. 
-------------------------------------------------- 
[2026/05/20 21:33:44.62] Starting stock update... 
[2026-05-20 21:34:20] 株価データのバッチ更新を開始します...

--- 銘柄 [7203] の更新処理 ---
[7203] 2026-05-20 以降の新しいデータを取得します...
[7203] 1 件のデータを新たに追加しました。

--- 銘柄 [6758] の更新処理 ---
[6758] 2026-05-20 以降の新しいデータを取得します...
[6758] 1 件のデータを新たに追加しました。

--- 銘柄 [6724] の更新処理 ---
[6724] 2026-05-20 以降の新しいデータを取得します...
[6724] 1 件のデータを新たに追加しました。

--- 銘柄 [1301] の更新処理 ---
[1301] 2026-05-20 以降の新しいデータを取得します...
[1301] 1 件のデータを新たに追加しました。

--- 銘柄 [1305] の更新処理 ---
[1305] 2026-05-20 以降の新しいデータを取得します...
[1305] 1 件のデータを新たに追加しました。

--- 銘柄 [1308] の更新処理 ---
[1308] 2026-05-20 以降の新しいデータを取得します...
[1308] 1 件のデータを新たに追加しました。

--- 銘柄 [1306] の更新処理 ---
[1306] 2026-05-20 以降の新しいデータを取得します...
[1306] 1 件のデータを新たに追加しました。

--- 銘柄 [1309] の更新処理 ---
[1309] 2026-05-20 以降の新しいデータを取得します...
[1309] 1 件のデータを新たに追加しました。

--- 銘柄 [1326] の更新処理 ---
[1326] 2026-05-20 以降の新しいデータを取得します...
[1326] 1 件のデータを新たに追加しました。

--- 銘柄 [134A] の更新処理 ---
[134A] 2026-05-19 以降の新しいデータを取得します...
[134A] 1 件のデータを新たに追加しました。

--- 銘柄 [138A] の更新処理 ---
[138A] 2026-05-20 以降の新しいデータを取得します...
[138A] 1 件のデータを新たに追加しました。

--- 銘柄 [8291] の更新処理 ---
[8291] 2026-05-20 以降の新しいデータを取得します...
[8291] 1 件のデータを新たに追加しました。

--- 銘柄 [8306] の更新処理 ---
[8306] 2026-05-20 以降の新しいデータを取得します...
[8306] 1 件のデータを新たに追加しました。

[2026-05-20 21:34:41] バッチ更新が完了しました。
[2026/05/20 21:34:41.54] Stock update completed. 
-------------------------------------------------- 
[2026/05/21 17:00:02.51] Starting stock update... 
[2026-05-21 17:00:08] 株価データのバッチ更新を開始します...

--- 銘柄 [7203] の更新処理 ---
[7203] 2026-05-21 以降の新しいデータを取得します...
[7203] 1 件のデータを新たに追加しました。

--- 銘柄 [6758] の更新処理 ---
[6758] 2026-05-21 以降の新しいデータを取得します...
[6758] 1 件のデータを新たに追加しました。

--- 銘柄 [6724] の更新処理 ---
[6724] 2026-05-21 以降の新しいデータを取得します...
[6724] 1 件のデータを新たに追加しました。

--- 銘柄 [1301] の更新処理 ---
[1301] 2026-05-21 以降の新しいデータを取得します...
[1301] 1 件のデータを新たに追加しました。

--- 銘柄 [1305] の更新処理 ---
[1305] 2026-05-21 以降の新しいデータを取得します...
[1305] 1 件のデータを新たに追加しました。

--- 銘柄 [1308] の更新処理 ---
[1308] 2026-05-21 以降の新しいデータを取得します...
[1308] 1 件のデータを新たに追加しました。

--- 銘柄 [1306] の更新処理 ---
[1306] 2026-05-21 以降の新しいデータを取得します...
[1306] 1 件のデータを新たに追加しました。

--- 銘柄 [1309] の更新処理 ---
[1309] 2026-05-21 以降の新しいデータを取得します...
[1309] 1 件のデータを新たに追加しました。

--- 銘柄 [1326] の更新処理 ---
[1326] 2026-05-21 以降の新しいデータを取得します...
[1326] 1 件のデータを新たに追加しました。

--- 銘柄 [134A] の更新処理 ---
[134A] 2026-05-20 以降の新しいデータを取得します...
[134A] 1 件のデータを新たに追加しました。

--- 銘柄 [138A] の更新処理 ---
[138A] 2026-05-21 以降の新しいデータを取得します...
[138A] 1 件のデータを新たに追加しました。

--- 銘柄 [8291] の更新処理 ---
[8291] 2026-05-21 以降の新しいデータを取得します...
[8291] 1 件のデータを新たに追加しました。

--- 銘柄 [8306] の更新処理 ---
[8306] 2026-05-21 以降の新しいデータを取得します...
[8306] 1 件のデータを新たに追加しました。

[2026-05-21 17:00:14] バッチ更新が完了しました。
[2026/05/21 17:00:14.49] Stock update completed. 
-------------------------------------------------- 
[2026/05/22 17:00:03.07] Starting stock update... 
^C[2026/05/23 17:00:02.02] Starting stock update... 
[2026-05-23 17:00:24] 株価データのバッチ更新を開始します...

--- 銘柄 [7203] の更新処理 ---
[7203] 2026-05-22 以降の新しいデータを取得します...
[7203] 新規追加するデータはありませんでした。

--- 銘柄 [6758] の更新処理 ---
[6758] 2026-05-22 以降の新しいデータを取得します...
[6758] 新規追加するデータはありませんでした。

--- 銘柄 [6724] の更新処理 ---
[6724] 2026-05-22 以降の新しいデータを取得します...
[6724] 新規追加するデータはありませんでした。

--- 銘柄 [1301] の更新処理 ---
[1301] 2026-05-22 以降の新しいデータを取得します...
[1301] 新規追加するデータはありませんでした。

--- 銘柄 [1305] の更新処理 ---
[1305] 2026-05-22 以降の新しいデータを取得します...
[1305] 新規追加するデータはありませんでした。

--- 銘柄 [1308] の更新処理 ---
[1308] 2026-05-22 以降の新しいデータを取得します...
[1308] 新規追加するデータはありませんでした。

--- 銘柄 [1306] の更新処理 ---
[1306] 2026-05-22 以降の新しいデータを取得します...
[1306] 新規追加するデータはありませんでした。

--- 銘柄 [1309] の更新処理 ---
[1309] 2026-05-22 以降の新しいデータを取得します...
[1309] 新規追加するデータはありませんでした。

--- 銘柄 [1326] の更新処理 ---
[1326] 2026-05-22 以降の新しいデータを取得します...
[1326] 新規追加するデータはありませんでした。

--- 銘柄 [134A] の更新処理 ---
[134A] 2026-05-21 以降の新しいデータを取得します...
[134A] 1 件のデータを新たに追加しました。

--- 銘柄 [138A] の更新処理 ---
[138A] 2026-05-22 以降の新しいデータを取得します...
[138A] 新規追加するデータはありませんでした。

--- 銘柄 [8291] の更新処理 ---
[8291] 2026-05-22 以降の新しいデータを取得します...
[8291] 新規追加するデータはありませんでした。

--- 銘柄 [8306] の更新処理 ---
[8306] 2026-05-22 以降の新しいデータを取得します...
[8306] 新規追加するデータはありませんでした。

--- 銘柄 [9984] の更新処理 ---
[9984] 2026-05-22 以降の新しいデータを取得します...
[9984] 新規追加するデータはありませんでした。

[2026-05-23 17:00:32] バッチ更新が完了しました。
[2026/05/23 17:00:32.36] Stock update completed. 
-------------------------------------------------- 
